H2AR3.c:946:22:unitCommand	16	static
H2AR3.c:732:13:CheckForEnterKey	16	static
H2AR3.c:749:13:HandleTimeout	8	static
H2AR3.c:161:6:SystemClock_Config	128	static
H2AR3.c:211:9:SaveToRO	72	static
H2AR3.c:308:9:ClearROtopology	8	static
H2AR3.c:316:6:initialValue	0	static
H2AR3.c:376:6:SetupPortForRemoteBootloaderUpdate	8	static
H2AR3.c:324:6:remoteBootloaderUpdate	48	static
H2AR3.c:389:6:Module_Peripheral_Init	24	static
H2AR3.c:470:6:RegisterModuleCLICommands	8	static
H2AR3.c:498:9:GetPort	0	static
H2AR3.c:512:9:SendResults	48	static
H2AR3.c:711:7:CalculationVolt	16	static
H2AR3.c:720:7:CalculationAmp	16	static
H2AR3.c:623:6:VoltAmpTask	32	static
H2AR3.c:764:9:SampleV	8	static
H2AR3.c:770:9:SampleA	8	static
H2AR3.c:985:22:sampleCommand	16	static
H2AR3.c:775:9:StreamVToPort	16	static
H2AR3.c:795:9:StreamAToPort	16	static
H2AR3.c:410:15:Module_MessagingTask	32	static
H2AR3.c:816:9:StreamVToBuffer	16	static
H2AR3.c:835:9:StreamAToBuffer	16	static
H2AR3.c:856:7:Average	32	static
H2AR3.c:883:9:Stop	16	static
H2AR3.c:1023:22:stopCommand	8	static
H2AR3.c:895:9:StreamVToCLI	16	static
H2AR3.c:918:9:StreamAToCLI	16	static
H2AR3.c:1137:15:demoCommand	24	static
H2AR3.c:1083:22:streamCommand	48	static
