H2AR3_dma.c:88:6:DMA_MSG_RX_CH_Init	8	static
H2AR3_dma.c:106:6:DMA_MSG_TX_CH_Init	8	static
H2AR3_dma.c:43:6:DMA_Init	16	static
H2AR3_dma.c:124:6:DMA_STREAM_CH_Init	8	static
H2AR3_dma.c:142:6:DMA_FRONTEND_CH_Init	8	static
H2AR3_dma.c:276:6:StopStreamDMA	16	static
H2AR3_dma.c:292:6:StopMsgDMA	16	static
H2AR3_dma.c:307:6:SwitchMsgDMAToStream	8	static
H2AR3_dma.c:340:6:SetupDMAInterrupts	8	static
H2AR3_dma.c:377:6:UnSetupDMAInterrupts	8	static
H2AR3_dma.c:236:6:DMA_MSG_TX_UnSetup	8	static
H2AR3_dma.c:411:6:RemapAndLinkDMAtoUARTRx	16	static
H2AR3_dma.c:194:6:DMA_MSG_RX_Setup	16	static
H2AR3_dma.c:162:6:SetupMessagingRxDMAs	8	static
H2AR3_dma.c:321:6:SwitchStreamDMAToMsg	24	static
H2AR3_dma.c:250:6:DMA_STREAM_Setup	24	static
H2AR3_dma.c:526:6:RemapAndLinkDMAtoUARTTx	16	static
H2AR3_dma.c:210:6:DMA_MSG_TX_Setup	8	static
H2AR3_dma.c:641:6:CRC_Init	8	static
H2AR3_dma.c:653:6:HAL_CRC_MspInit	8	static
H2AR3_dma.c:659:6:HAL_CRC_MspDeInit	0	static
H2AR3_dma.c:668:10:CalculateCRC8	16	static
