H2AR3.c:1049:13:streamCommandParser	48	static
H2AR3.c:953:22:unitCommand	16	static
H2AR3.c:739:13:CheckForEnterKey	16	static
H2AR3.c:681:17:Adc_Calculation	8	static
H2AR3.c:756:13:HandleTimeout	8	static
H2AR3.c:161:6:SystemClock_Config	128	static
H2AR3.c:211:9:SaveToRO	64	static
H2AR3.c:308:9:ClearROtopology	8	static
H2AR3.c:316:6:initialValue	0	static
H2AR3.c:376:6:SetupPortForRemoteBootloaderUpdate	8	static
H2AR3.c:324:6:remoteBootloaderUpdate	40	static
H2AR3.c:389:6:Module_Peripheral_Init	24	static
H2AR3.c:470:6:RegisterModuleCLICommands	8	static
H2AR3.c:498:9:GetPort	0	static
H2AR3.c:512:9:SendResults	48	static
H2AR3.c:711:7:CalculationVolt	8	static
H2AR3.c:724:7:CalculationAmp	8	static
H2AR3.c:623:6:VoltAmpTask	24	static
H2AR3.c:771:9:SampleV	8	static
H2AR3.c:777:9:SampleA	8	static
H2AR3.c:992:22:sampleCommand	16	static
H2AR3.c:782:9:StreamVToPort	16	static
H2AR3.c:802:9:StreamAToPort	16	static
H2AR3.c:410:15:Module_MessagingTask	32	static
H2AR3.c:823:9:StreamVToBuffer	16	static
H2AR3.c:842:9:StreamAToBuffer	16	static
H2AR3.c:863:7:Average	16	static
H2AR3.c:890:9:Stop	16	static
H2AR3.c:1030:22:stopCommand	8	static
H2AR3.c:902:9:StreamVToCLI	16	static
H2AR3.c:925:9:StreamAToCLI	16	static
H2AR3.c:1144:15:demoCommand	16	static
H2AR3.c:1090:22:streamCommand	48	static
