H2AR3.c:889:22:unitCommand	16	static,ignoring_inline_asm
H2AR3.c:675:13:CheckForEnterKey	16	static
H2AR3.c:692:13:HandleTimeout	8	static
H2AR3.c:185:6:SystemClock_Config	128	static
H2AR3.c:235:9:SaveToRO	72	static
H2AR3.c:332:9:ClearROtopology	8	static
H2AR3.c:342:6:Module_Peripheral_Init	24	static
H2AR3.c:423:6:RegisterModuleCLICommands	8	static
H2AR3.c:437:9:GetPort	0	static
H2AR3.c:456:5:SendResults	48	static
H2AR3.c:928:22:sampleCommand	16	static,ignoring_inline_asm
H2AR3.c:655:7:CalculationVolt	16	static
H2AR3.c:664:7:CalculationAmp	16	static
H2AR3.c:567:6:VoltAmpTask	32	static
H2AR3.c:707:5:SampleV	0	static
H2AR3.c:713:5:SampleA	0	static
H2AR3.c:718:5:StreamVToPort	16	static
H2AR3.c:738:5:StreamAToPort	16	static
H2AR3.c:363:15:Module_MessagingTask	32	static
H2AR3.c:759:5:StreamVToBuffer	16	static
H2AR3.c:778:5:StreamAToBuffer	16	static
H2AR3.c:799:7:Average	32	static
H2AR3.c:826:5:Stop	16	static
H2AR3.c:966:22:stopCommand	8	static,ignoring_inline_asm
H2AR3.c:838:5:StreamVToCLI	16	static
H2AR3.c:861:5:StreamAToCLI	16	static
H2AR3.c:1125:15:demoCommand	24	static,ignoring_inline_asm
H2AR3.c:984:22:streamCommand	64	static,ignoring_inline_asm
