H2AR3.c:879:22:unitCommand	16	static,ignoring_inline_asm
H2AR3.c:665:13:CheckForEnterKey	16	static
H2AR3.c:682:13:HandleTimeout	8	static
H2AR3.c:161:6:SystemClock_Config	128	static
H2AR3.c:211:9:SaveToRO	72	static
H2AR3.c:308:9:ClearROtopology	8	static
H2AR3.c:316:6:initialValue	0	static
H2AR3.c:322:6:Module_Peripheral_Init	24	static
H2AR3.c:403:6:RegisterModuleCLICommands	8	static
H2AR3.c:431:9:GetPort	0	static
H2AR3.c:445:9:SendResults	48	static
H2AR3.c:644:7:CalculationVolt	16	static
H2AR3.c:653:7:CalculationAmp	16	static
H2AR3.c:556:6:VoltAmpTask	32	static
H2AR3.c:697:9:SampleV	8	static
H2AR3.c:703:9:SampleA	8	static
H2AR3.c:918:22:sampleCommand	16	static,ignoring_inline_asm
H2AR3.c:708:9:StreamVToPort	16	static
H2AR3.c:728:9:StreamAToPort	16	static
H2AR3.c:343:15:Module_MessagingTask	32	static
H2AR3.c:749:9:StreamVToBuffer	16	static
H2AR3.c:768:9:StreamAToBuffer	16	static
H2AR3.c:789:7:Average	32	static
H2AR3.c:816:9:Stop	16	static
H2AR3.c:956:22:stopCommand	8	static,ignoring_inline_asm
H2AR3.c:828:9:StreamVToCLI	16	static
H2AR3.c:851:9:StreamAToCLI	16	static
H2AR3.c:1070:15:demoCommand	24	static,ignoring_inline_asm
H2AR3.c:1016:22:streamCommand	48	static
