BOS.c:54:19:Send_BOS_Message	32	static
BOS.c:354:12:LoadROtopology	24	static
BOS.c:387:12:LoadEEportsDir	16	static
BOS.c:403:12:LoadEEalias	32	static
BOS.c:424:12:LoadEEgroup	32	static
BOS.c:455:12:LoadEEstreams	32	static
BOS.c:516:12:LoadEEparams	16	static
BOS.c:609:12:LoadEEbuttons	56	static
BOS.c:645:12:LoadROsnippets	40	static
BOS.c:324:6:LoadEEvars	8	static
BOS.c:705:12:SaveEEportsDir	16	static
BOS.c:721:12:SaveEEalias	24	static
BOS.c:743:12:SaveEEgroup	24	static
BOS.c:775:12:SaveEEstreams	40	static
BOS.c:796:12:SaveEEparams	8	static
BOS.c:830:12:ClearEEportsDir	16	static
BOS.c:849:6:EE_FormatForFactoryReset	8	static
BOS.c:869:9:IsLowerCLIbaud	72	static
BOS.c:915:9:IsModuleParameter	16	static
BOS.c:927:9:IsMathOperator	16	static
BOS.c:1347:12:FindBroadcastRoutes	48	dynamic
BOS.c:1511:9:minArr	16	static
BOS.c:1533:9:QnotEmpty	0	static
BOS.c:1428:9:FindRoute	32	static
BOS.c:954:6:BOS_Init	16	static,ignoring_inline_asm
BOS.c:1042:6:Module_Init	8	static
BOS.c:1546:6:DisplayTopology	32	static
BOS.c:1586:6:DisplayPortsDir	32	static
BOS.c:1611:6:DisplayModuleStatus	40	static
BOS.c:1702:9:GetID	16	static
BOS.c:1742:12:NameModule	24	static
BOS.c:1792:12:AddModuleToGroup	24	static
BOS.c:1867:12:WriteToRemote	24	static
BOS.c:2018:11:ReadRemoteVar	16	static
BOS.c:2052:11:ReadRemoteMemory	24	static
BOS.c:2088:11:ReadRemoteParam	24	static
BOS.c:2122:12:WriteRemote	16	static
BOS.c:2135:12:WriteRemoteForce	16	static
BOS.c:2143:9:AddBOSvar	12	static
BOS.c:2170:12:ReadFromMBModule	16	static
BOS.c:2213:12:WriteToMBModule	8	static
BOS.c:2245:7:GetDateString	24	static
BOS.c:2256:7:GetTimeString	16	static
BOS.c:2267:12:Bridge	24	static
BOS.c:2275:12:Unbridge	40	static
BOS.c:2301:12:printfp	24	static
