BOS_CLIcommands.c:1368:22:setBaudrateCommand	32	static
BOS_CLIcommands.c:1480:22:flashsizeCommand	8	static
BOS_CLIcommands.c:2013:22:GetReadPrecentageCommand	16	static
BOS_CLIcommands.c:1993:22:ReadVrefCommand	16	static
BOS_CLIcommands.c:1972:22:ReadTempCommand	16	static
BOS_CLIcommands.c:1916:22:ADCReadCommand	32	static
BOS_CLIcommands.c:1822:22:testportCommand	32	static
BOS_CLIcommands.c:1769:22:unbridgeCommand	32	static
BOS_CLIcommands.c:1716:22:bridgeCommand	32	static
BOS_CLIcommands.c:1661:22:delSnipCommand	40	static
BOS_CLIcommands.c:1625:22:pauseSnipCommand	16	static
BOS_CLIcommands.c:1589:22:actSnipCommand	16	static
BOS_CLIcommands.c:1499:22:snipCommand	72	static
BOS_CLIcommands.c:1438:22:idcodeCommand	8	static
BOS_CLIcommands.c:1413:22:uuidCommand	16	static
BOS_CLIcommands.c:1320:22:timeCommand	32	static
BOS_CLIcommands.c:1348:22:dateCommand	8	static
BOS_CLIcommands.c:1170:22:getCommand	32	static
BOS_CLIcommands.c:1271:22:defaultCommand	24	static
BOS_CLIcommands.c:940:22:setCommand	80	static
BOS_CLIcommands.c:906:22:removebuttonCommand	24	static
BOS_CLIcommands.c:856:22:addbuttonCommand	40	static
BOS_CLIcommands.c:782:22:scastCommand	136	static
BOS_CLIcommands.c:746:22:infoCommand	32	static
BOS_CLIcommands.c:728:22:statusCommand	8	static
BOS_CLIcommands.c:639:22:groupCommand	88	static
BOS_CLIcommands.c:595:22:nameCommand	16	static
BOS_CLIcommands.c:447:22:bootloaderUpdateCommand	40	static,ignoring_inline_asm
BOS_CLIcommands.c:420:22:pingCommand	16	static
BOS_CLIcommands.c:399:22:prvRunTimeStatsCommand	8	static
BOS_CLIcommands.c:379:22:prvTaskStatsCommand	8	static
BOS_CLIcommands.c:578:22:resetCommand	0	static,ignoring_inline_asm
BOS_CLIcommands.c:317:13:RegisterUserCLICommands	0	static
BOS_CLIcommands.c:325:6:vRegisterCLICommands	8	static
