BOS_inputs.c:68:13:buttonPressedCallback	0	static
BOS_inputs.c:309:12:CheckForTimedButtonPress	8	static
BOS_inputs.c:334:12:CheckForTimedButtonRelease	8	static
BOS_inputs.c:359:6:ResetAttachedButtonStates	0	static
BOS_inputs.c:375:12:AddPortButton	72	static
BOS_inputs.c:445:12:RemovePortButton	24	static
BOS_inputs.c:527:12:SetButtonEvents	56	static
BOS_inputs.c:667:6:HAL_ADC_MspInit	40	static
BOS_inputs.c:700:6:HAL_ADC_MspDeInit	8	static
BOS_inputs.c:826:10:Get_PIN	0	static
BOS_inputs.c:884:9:Get_channel	0	static
BOS_inputs.c:896:6:Error_Handler	8	static
BOS_inputs.c:641:6:MX_ADC_Init	8	static
BOS_inputs.c:772:6:ReadTempAndVref	24	static
BOS_inputs.c:834:7:GetReadPrecentage	40	static
BOS_inputs.c:902:9:Get_Rank	0	static
BOS_inputs.c:725:6:ADCSelectChannel	16	static
BOS_inputs.c:740:6:ReadADCChannel	24	static
BOS_inputs.c:915:6:Deinit_ADC_Channel	8	static
BOS_inputs.c:923:6:HAL_ADC_ConvCpltCallback	0	static
BOS_inputs.c:947:13:buttonReleasedCallback	0	static
BOS_inputs.c:955:13:buttonClickedCallback	0	static
BOS_inputs.c:963:13:buttonDblClickedCallback	0	static
BOS_inputs.c:971:13:buttonPressedForXCallback	0	static
BOS_inputs.c:979:13:buttonReleasedForYCallback	0	static
BOS_inputs.c:73:6:CheckAttachedButtons	72	static
